// Jest Snapshot v1, https://goo.gl/fbAQLP

exports[`<DropdownSocialList /> it renders DropdownSocialList 1`] = `
<div
  className="dropdown-social-list"
>
  <div
    className="dropdown-social-list__list"
  >
    <div
      className="dropdown-social-list__item"
      key="test0"
      title="test"
    >
      <test-file-stub />
    </div>
    <div
      className="dropdown-social-list__item"
      key="test1"
      title="test"
    >
      <test-file-stub />
    </div>
  </div>
  <div>
    <BubbleHint
      className="dropdown-social-list__dropdown"
      click={true}
      placement="bottom"
      popupAlign="left"
      popupPadding="none"
      popupWidth="normal"
      trigger={
        <span
          className="dropdown-social-list__dropdown-trigger"
        >
          и еще 
          1
        </span>
      }
    >
      <div
        className="dropdown-social-list__dropdown-popup"
      >
        <div
          className="dropdown-social-list__dropdown-list"
        >
          <span
            className="dropdown-social-list__dropdown-item"
            key="test0"
          >
            test
          </span>
        </div>
      </div>
    </BubbleHint>
  </div>
</div>
`;
