// Jest Snapshot v1, https://goo.gl/fbAQLP

exports[`<ProductCardFeaturesTop /> it renders ProductCardFeaturesTop 1`] = `
<div
  className="product-card-features-top"
>
  <div
    className="product-card-features-top__inner"
  >
    <Header
      as="h3"
      className="product-card-features-top__title"
      color="black"
      margin={false}
    >
      test
    </Header>
    <div
      className="product-card-features-top__text"
    />
    <DropdownSocialList
      icons={
        Array [
          Object {
            "caption": "test",
            "svgIcon": <test-file-stub />,
            "title": "test",
            "value": "test",
          },
        ]
      }
      maxIconNumber={6}
    />
  </div>
</div>
`;
