// Jest Snapshot v1, https://goo.gl/fbAQLP

exports[`<ProductCardFeatures /> it renders ProductCardFeatures 1`] = `
<div
  className="product-card-features"
>
  <ProductCardFeaturesTop
    className="product-card-features__top"
    params={
      Array [
        Object {
          "caption": "на видео, соц-сети и мессенджеры",
          "title": "Безлимитный интернет",
          "value": "test",
        },
      ]
    }
    socialIcons={Array []}
  />
  <ProductCardFeaturesBottom
    className="product-card-features__bottom"
    key="0"
    params={
      Array [
        Object {
          "title": "Youtube, Rutube, Vimeo",
        },
      ]
    }
  />
  <ProductCardFeaturesBottom
    className="product-card-features__bottom"
    key="1"
    params={
      Array [
        Object {
          "title": "WhatsApp, Viber, Facebook Messanger, Snapchat, eMotion",
        },
      ]
    }
  />
  <ProductCardFeaturesBottom
    className="product-card-features__bottom"
    key="2"
    params={
      Array [
        Object {
          "title": "Вконтакте, Одноклассники, Facebook, Instagram, Twitter",
        },
      ]
    }
  />
</div>
`;
