// Jest Snapshot v1, https://goo.gl/fbAQLP

exports[`<ProductCardFeatures /> it renders ProductCardFeatures 1`] = `
<div
  className="product-card-features"
>
  <ProductCardFeaturesTop
    className="product-card-features__top"
    params={
      Array [
        Object {
          "caption": "на видео, соц-сети и мессенджеры",
          "title": "Безлимитный интернет",
          "value": "test",
        },
      ]
    }
    title="Безлимитный интернет"
  />
  <ProductCardFeaturesBottom
    className="product-card-features__bottom"
    params={
      Array [
        Object {
          "title": "Youtube, Rutube, Vimeo",
        },
      ]
    }
  />
</div>
`;
